{"sessionId": "b6e268", "hypothesisId": "H5_stream", "location": "twilio_audio_ws:stream_ready", "message": "Twilio Media Stream start event received", "data": {"call_id": "6fabd570-139b-447d-8380-f6c7b72a83ef", "has_stream_sid": true, "tts": "deepgram"}, "timestamp": 1777692396188}
{"sessionId": "b6e268", "hypothesisId": "H_deepgram", "location": "twilio_audio_ws:deepgram_init", "message": "Deepgram STT/TTS constructed", "data": {"call_id": "6fabd570-139b-447d-8380-f6c7b72a83ef", "stt_model": "nova-3-general", "stt_sample_rate": 8000, "tts_voice": "aura-2-helena-en", "tts_sample_rate": 24000}, "timestamp": 1777692397427}
{"sessionId": "b6e268", "hypothesisId": "H1_audio_frames", "location": "AudioDebugLogger:chunk", "message": "TTSAudioRawFrame", "data": {"call_id": "6fabd570-139b-447d-8380-f6c7b72a83ef", "n": 1, "audio_len": 1920, "sample_rate": 24000}, "timestamp": 1777692398196}
{"sessionId": "b6e268", "hypothesisId": "H1_audio_frames", "location": "AudioDebugLogger:chunk", "message": "TTSAudioRawFrame", "data": {"call_id": "6fabd570-139b-447d-8380-f6c7b72a83ef", "n": 2, "audio_len": 1920, "sample_rate": 24000}, "timestamp": 1777692398210}
{"sessionId": "b6e268", "hypothesisId": "H1_audio_frames", "location": "AudioDebugLogger:chunk", "message": "TTSAudioRawFrame", "data": {"call_id": "6fabd570-139b-447d-8380-f6c7b72a83ef", "n": 3, "audio_len": 1920, "sample_rate": 24000}, "timestamp": 1777692398232}
{"sessionId": "b6e268", "hypothesisId": "H5_stream", "location": "twilio_audio_ws:stream_ready", "message": "Twilio Media Stream start event received", "data": {"call_id": "ba4b9922-29cd-4d22-b81e-8f6ae799e10e", "has_stream_sid": true, "tts": "deepgram"}, "timestamp": 1777692975518}
{"sessionId": "b6e268", "hypothesisId": "H_deepgram", "location": "twilio_audio_ws:deepgram_init", "message": "Deepgram STT/TTS constructed", "data": {"call_id": "ba4b9922-29cd-4d22-b81e-8f6ae799e10e", "stt_model": "nova-3-general", "stt_sample_rate": 8000, "tts_voice": "aura-2-helena-en", "tts_sample_rate": 24000}, "timestamp": 1777692977232}
{"sessionId": "b6e268", "hypothesisId": "H1_audio_frames", "location": "AudioDebugLogger:chunk", "message": "TTSAudioRawFrame", "data": {"call_id": "ba4b9922-29cd-4d22-b81e-8f6ae799e10e", "n": 1, "audio_len": 1920, "sample_rate": 24000}, "timestamp": 1777692977988}
{"sessionId": "b6e268", "hypothesisId": "H1_audio_frames", "location": "AudioDebugLogger:chunk", "message": "TTSAudioRawFrame", "data": {"call_id": "ba4b9922-29cd-4d22-b81e-8f6ae799e10e", "n": 2, "audio_len": 1920, "sample_rate": 24000}, "timestamp": 1777692978010}
{"sessionId": "b6e268", "hypothesisId": "H1_audio_frames", "location": "AudioDebugLogger:chunk", "message": "TTSAudioRawFrame", "data": {"call_id": "ba4b9922-29cd-4d22-b81e-8f6ae799e10e", "n": 3, "audio_len": 1920, "sample_rate": 24000}, "timestamp": 1777692978031}
{"sessionId": "b6e268", "hypothesisId": "H5_stream", "location": "twilio_audio_ws:stream_ready", "message": "Twilio Media Stream start event received", "data": {"call_id": "04ca36ea-1719-4701-955a-13ee9e00c1dc", "has_stream_sid": true, "tts": "deepgram"}, "timestamp": 1777693657877}
{"sessionId": "b6e268", "hypothesisId": "H_deepgram", "location": "twilio_audio_ws:deepgram_init", "message": "Deepgram STT/TTS constructed", "data": {"call_id": "04ca36ea-1719-4701-955a-13ee9e00c1dc", "stt_model": "nova-3-general", "stt_sample_rate": 8000, "tts_voice": "aura-2-helena-en", "tts_sample_rate": 24000}, "timestamp": 1777693659594}
{"sessionId": "b6e268", "hypothesisId": "H1_audio_frames", "location": "AudioDebugLogger:chunk", "message": "TTSAudioRawFrame", "data": {"call_id": "04ca36ea-1719-4701-955a-13ee9e00c1dc", "n": 1, "audio_len": 1920, "sample_rate": 24000}, "timestamp": 1777693660437}
{"sessionId": "b6e268", "hypothesisId": "H1_audio_frames", "location": "AudioDebugLogger:chunk", "message": "TTSAudioRawFrame", "data": {"call_id": "04ca36ea-1719-4701-955a-13ee9e00c1dc", "n": 2, "audio_len": 1920, "sample_rate": 24000}, "timestamp": 1777693660452}
{"sessionId": "b6e268", "hypothesisId": "H1_audio_frames", "location": "AudioDebugLogger:chunk", "message": "TTSAudioRawFrame", "data": {"call_id": "04ca36ea-1719-4701-955a-13ee9e00c1dc", "n": 3, "audio_len": 1920, "sample_rate": 24000}, "timestamp": 1777693660472}
{"sessionId": "b6e268", "hypothesisId": "H5_stream", "location": "twilio_audio_ws:stream_ready", "message": "Twilio Media Stream start event received", "data": {"call_id": "2ce3e23c-63f5-4d11-97fd-6fd7b7ce9830", "has_stream_sid": true, "tts": "deepgram"}, "timestamp": 1777693980976}
{"sessionId": "b6e268", "hypothesisId": "H_deepgram", "location": "twilio_audio_ws:deepgram_init", "message": "Deepgram STT/TTS constructed", "data": {"call_id": "2ce3e23c-63f5-4d11-97fd-6fd7b7ce9830", "stt_model": "nova-3-general", "stt_sample_rate": 8000, "tts_voice": "aura-2-helena-en", "tts_sample_rate": 24000}, "timestamp": 1777693982826}
{"sessionId": "b6e268", "hypothesisId": "H1_audio_frames", "location": "AudioDebugLogger:chunk", "message": "TTSAudioRawFrame", "data": {"call_id": "2ce3e23c-63f5-4d11-97fd-6fd7b7ce9830", "n": 1, "audio_len": 1920, "sample_rate": 24000}, "timestamp": 1777693983571}
{"sessionId": "b6e268", "hypothesisId": "H1_audio_frames", "location": "AudioDebugLogger:chunk", "message": "TTSAudioRawFrame", "data": {"call_id": "2ce3e23c-63f5-4d11-97fd-6fd7b7ce9830", "n": 2, "audio_len": 1920, "sample_rate": 24000}, "timestamp": 1777693983594}
{"sessionId": "b6e268", "hypothesisId": "H1_audio_frames", "location": "AudioDebugLogger:chunk", "message": "TTSAudioRawFrame", "data": {"call_id": "2ce3e23c-63f5-4d11-97fd-6fd7b7ce9830", "n": 3, "audio_len": 1920, "sample_rate": 24000}, "timestamp": 1777693983612}
{"sessionId": "b6e268", "hypothesisId": "H5_stream", "location": "twilio_audio_ws:stream_ready", "message": "Twilio Media Stream start event received", "data": {"call_id": "9a7b8d2c-bd6e-4c8c-9794-bca68fb65f1b", "has_stream_sid": true, "tts": "deepgram"}, "timestamp": 1777695115485}
{"sessionId": "b6e268", "hypothesisId": "H_deepgram", "location": "twilio_audio_ws:deepgram_init", "message": "Deepgram STT/TTS constructed", "data": {"call_id": "9a7b8d2c-bd6e-4c8c-9794-bca68fb65f1b", "stt_model": "nova-3-phone", "stt_sample_rate": 8000, "tts_voice": "aura-2-helena-en", "tts_sample_rate": 24000}, "timestamp": 1777695117041}
{"sessionId": "b6e268", "hypothesisId": "H1_audio_frames", "location": "AudioDebugLogger:chunk", "message": "TTSAudioRawFrame", "data": {"call_id": "9a7b8d2c-bd6e-4c8c-9794-bca68fb65f1b", "n": 1, "audio_len": 1920, "sample_rate": 24000}, "timestamp": 1777695117503}
{"sessionId": "b6e268", "hypothesisId": "H1_audio_frames", "location": "AudioDebugLogger:chunk", "message": "TTSAudioRawFrame", "data": {"call_id": "9a7b8d2c-bd6e-4c8c-9794-bca68fb65f1b", "n": 2, "audio_len": 1920, "sample_rate": 24000}, "timestamp": 1777695117518}
{"sessionId": "b6e268", "hypothesisId": "H1_audio_frames", "location": "AudioDebugLogger:chunk", "message": "TTSAudioRawFrame", "data": {"call_id": "9a7b8d2c-bd6e-4c8c-9794-bca68fb65f1b", "n": 3, "audio_len": 1920, "sample_rate": 24000}, "timestamp": 1777695117528}
{"sessionId": "b6e268", "hypothesisId": "H5_stream", "location": "twilio_audio_ws:stream_ready", "message": "Twilio Media Stream start event received", "data": {"call_id": "91a9fec8-4f3c-4d32-a77b-d6486ef5bb7d", "has_stream_sid": true, "tts": "deepgram"}, "timestamp": 1777695251873}
{"sessionId": "b6e268", "hypothesisId": "H_deepgram", "location": "twilio_audio_ws:deepgram_init", "message": "Deepgram STT/TTS constructed", "data": {"call_id": "91a9fec8-4f3c-4d32-a77b-d6486ef5bb7d", "stt_model": "nova-2-phonecall", "stt_sample_rate": 8000, "tts_voice": "aura-2-helena-en", "tts_sample_rate": 24000}, "timestamp": 1777695253210}
{"sessionId": "b6e268", "hypothesisId": "H1_audio_frames", "location": "AudioDebugLogger:chunk", "message": "TTSAudioRawFrame", "data": {"call_id": "91a9fec8-4f3c-4d32-a77b-d6486ef5bb7d", "n": 1, "audio_len": 1920, "sample_rate": 24000}, "timestamp": 1777695253913}
{"sessionId": "b6e268", "hypothesisId": "H1_audio_frames", "location": "AudioDebugLogger:chunk", "message": "TTSAudioRawFrame", "data": {"call_id": "91a9fec8-4f3c-4d32-a77b-d6486ef5bb7d", "n": 2, "audio_len": 1920, "sample_rate": 24000}, "timestamp": 1777695253932}
{"sessionId": "b6e268", "hypothesisId": "H1_audio_frames", "location": "AudioDebugLogger:chunk", "message": "TTSAudioRawFrame", "data": {"call_id": "91a9fec8-4f3c-4d32-a77b-d6486ef5bb7d", "n": 3, "audio_len": 1920, "sample_rate": 24000}, "timestamp": 1777695253948}
{"sessionId": "b6e268", "hypothesisId": "H5_stream", "location": "twilio_audio_ws:stream_ready", "message": "Twilio Media Stream start event received", "data": {"call_id": "f35de847-a405-4904-bce1-d273f6c2be15", "has_stream_sid": true, "tts": "deepgram"}, "timestamp": 1777695606158}
{"sessionId": "b6e268", "hypothesisId": "H_deepgram", "location": "twilio_audio_ws:deepgram_init", "message": "Deepgram STT/TTS constructed", "data": {"call_id": "f35de847-a405-4904-bce1-d273f6c2be15", "stt_model": "nova-2-phonecall", "stt_sample_rate": 8000, "tts_voice": "aura-2-helena-en", "tts_sample_rate": 24000}, "timestamp": 1777695607374}
{"sessionId": "b6e268", "hypothesisId": "H1_audio_frames", "location": "AudioDebugLogger:chunk", "message": "TTSAudioRawFrame", "data": {"call_id": "f35de847-a405-4904-bce1-d273f6c2be15", "n": 1, "audio_len": 1920, "sample_rate": 24000}, "timestamp": 1777695607941}
{"sessionId": "b6e268", "hypothesisId": "H1_audio_frames", "location": "AudioDebugLogger:chunk", "message": "TTSAudioRawFrame", "data": {"call_id": "f35de847-a405-4904-bce1-d273f6c2be15", "n": 2, "audio_len": 1920, "sample_rate": 24000}, "timestamp": 1777695607960}
{"sessionId": "b6e268", "hypothesisId": "H1_audio_frames", "location": "AudioDebugLogger:chunk", "message": "TTSAudioRawFrame", "data": {"call_id": "f35de847-a405-4904-bce1-d273f6c2be15", "n": 3, "audio_len": 1920, "sample_rate": 24000}, "timestamp": 1777695607979}
{"sessionId": "b6e268", "hypothesisId": "H5_stream", "location": "twilio_audio_ws:stream_ready", "message": "Twilio Media Stream start event received", "data": {"call_id": "2731b460-9844-4325-ba63-908e62bde0e4", "has_stream_sid": true, "tts": "deepgram"}, "timestamp": 1777695984150}
{"sessionId": "b6e268", "hypothesisId": "H_deepgram", "location": "twilio_audio_ws:deepgram_init", "message": "Deepgram STT/TTS constructed", "data": {"call_id": "2731b460-9844-4325-ba63-908e62bde0e4", "stt_model": "nova-2-phonecall", "stt_sample_rate": 8000, "tts_voice": "aura-2-helena-en", "tts_sample_rate": 24000}, "timestamp": 1777695986460}
{"sessionId": "b6e268", "hypothesisId": "H1_audio_frames", "location": "AudioDebugLogger:chunk", "message": "TTSAudioRawFrame", "data": {"call_id": "2731b460-9844-4325-ba63-908e62bde0e4", "n": 1, "audio_len": 1920, "sample_rate": 24000}, "timestamp": 1777695987290}
{"sessionId": "b6e268", "hypothesisId": "H1_audio_frames", "location": "AudioDebugLogger:chunk", "message": "TTSAudioRawFrame", "data": {"call_id": "2731b460-9844-4325-ba63-908e62bde0e4", "n": 2, "audio_len": 1920, "sample_rate": 24000}, "timestamp": 1777695987310}
{"sessionId": "b6e268", "hypothesisId": "H1_audio_frames", "location": "AudioDebugLogger:chunk", "message": "TTSAudioRawFrame", "data": {"call_id": "2731b460-9844-4325-ba63-908e62bde0e4", "n": 3, "audio_len": 1920, "sample_rate": 24000}, "timestamp": 1777695987324}
{"sessionId": "b6e268", "hypothesisId": "H5_stream", "location": "twilio_audio_ws:stream_ready", "message": "Twilio Media Stream start event received", "data": {"call_id": "400178cb-c3df-4136-886b-99566d5b8c96", "has_stream_sid": true, "tts": "deepgram"}, "timestamp": 1777696156529}
{"sessionId": "b6e268", "hypothesisId": "H_deepgram", "location": "twilio_audio_ws:deepgram_init", "message": "Deepgram STT/TTS constructed", "data": {"call_id": "400178cb-c3df-4136-886b-99566d5b8c96", "stt_model": "nova-2-phonecall", "stt_sample_rate": 8000, "tts_voice": "aura-2-helena-en", "tts_sample_rate": 24000}, "timestamp": 1777696158847}
{"sessionId": "b6e268", "hypothesisId": "H1_audio_frames", "location": "AudioDebugLogger:chunk", "message": "TTSAudioRawFrame", "data": {"call_id": "400178cb-c3df-4136-886b-99566d5b8c96", "n": 1, "audio_len": 1920, "sample_rate": 24000}, "timestamp": 1777696159622}
{"sessionId": "b6e268", "hypothesisId": "H1_audio_frames", "location": "AudioDebugLogger:chunk", "message": "TTSAudioRawFrame", "data": {"call_id": "400178cb-c3df-4136-886b-99566d5b8c96", "n": 2, "audio_len": 1920, "sample_rate": 24000}, "timestamp": 1777696159641}
{"sessionId": "b6e268", "hypothesisId": "H1_audio_frames", "location": "AudioDebugLogger:chunk", "message": "TTSAudioRawFrame", "data": {"call_id": "400178cb-c3df-4136-886b-99566d5b8c96", "n": 3, "audio_len": 1920, "sample_rate": 24000}, "timestamp": 1777696159659}
{"sessionId": "b6e268", "hypothesisId": "H5_stream", "location": "twilio_audio_ws:stream_ready", "message": "Twilio Media Stream start event received", "data": {"call_id": "6d7c06f7-50fb-4d70-a9e6-88332031d390", "has_stream_sid": true, "tts": "deepgram"}, "timestamp": 1777745514673}
{"sessionId": "b6e268", "hypothesisId": "H_deepgram", "location": "twilio_audio_ws:deepgram_init", "message": "Deepgram STT/TTS constructed", "data": {"call_id": "6d7c06f7-50fb-4d70-a9e6-88332031d390", "stt_model": "nova-2-phonecall", "stt_sample_rate": 8000, "tts_voice": "aura-2-helena-en", "tts_sample_rate": 24000}, "timestamp": 1777745520599}
{"sessionId": "b6e268", "hypothesisId": "H1_audio_frames", "location": "AudioDebugLogger:chunk", "message": "TTSAudioRawFrame", "data": {"call_id": "6d7c06f7-50fb-4d70-a9e6-88332031d390", "n": 1, "audio_len": 1920, "sample_rate": 24000}, "timestamp": 1777745522134}
{"sessionId": "b6e268", "hypothesisId": "H1_audio_frames", "location": "AudioDebugLogger:chunk", "message": "TTSAudioRawFrame", "data": {"call_id": "6d7c06f7-50fb-4d70-a9e6-88332031d390", "n": 2, "audio_len": 1920, "sample_rate": 24000}, "timestamp": 1777745522157}
{"sessionId": "b6e268", "hypothesisId": "H1_audio_frames", "location": "AudioDebugLogger:chunk", "message": "TTSAudioRawFrame", "data": {"call_id": "6d7c06f7-50fb-4d70-a9e6-88332031d390", "n": 3, "audio_len": 1920, "sample_rate": 24000}, "timestamp": 1777745522171}
